// Jest Snapshot v1, https://goo.gl/fbAQLP

exports[`Demo App 1`] = `
<div>
  <h1>
    React App
  </h1>
  <input
    type="text"
    value=""
  />
  <div>
    3
  </div>
</div>
`;
